exports[`fixtures should add root class 1`] = `
"import styled from \'styled-components\';

const Simple = styled.div\`.mount & { 
  width: 100%;
 }\`;

const Interpolation = styled.div\`.mount & { 
  content: \"https://test.com/\${props => props.endpoint}\";
 }\`;

const SpecialCharacters = styled.div\`.mount & { 
  content: \"  \${props => props.text}  \";\\n color: red;
 }\`;

const Comment = styled.div\`.mount & { 
  width: 100%;
  // comment
  color: red;
 }\`;

const Parens = styled.div\`.mount & { 
  &:hover {
    color: blue;
  }
  color: red;
 }\`;

const UrlComments = styled.div\`.mount & { 
  color: red;
  /* // */
  background: red;
  /* comment 1 */
  /* comment 2 */
  // comment 3
  border: 1px solid green;
 }\`;"
`;
